{
  "openapi" : "3.1.0",
  "info" : {
    "title" : "Open API Specification",
    "description" : "test",
    "version" : "1.0.0"
  },
  "paths" : {
    "/v1/postBodyRequestSimple" : {
      "post" : {
        "requestBody" : {
          "required" : true,
          "content" : {
            "application/json" : {
              "schema" : {
                "$ref" : "#/components/schemas/sources.requests.SimpleRequest"
              }
            }
          }
        }
      }
    },
    "/v1/postBodyRequestWithVariableDeclaration" : {
      "post" : {
        "requestBody" : {
          "required" : true,
          "content" : {
            "application/json" : {
              "schema" : {
                "$ref" : "#/components/schemas/sources.requests.SimpleRequest"
              }
            }
          }
        }
      }
    },
    "/v1/postBodyRequestWithLambda" : {
      "post" : {
        "requestBody" : {
          "required" : true,
          "content" : {
            "application/json" : {
              "schema" : {
                "$ref" : "#/components/schemas/sources.requests.SimpleRequest"
              }
            }
          }
        }
      }
    },
    "/v2/postBodyNestedRequest" : {
      "post" : {
        "requestBody" : {
          "required" : true,
          "content" : {
            "application/json" : {
              "schema" : {
                "$ref" : "#/components/schemas/sources.requests.NestedRequest"
              }
            }
          }
        }
      }
    },
    "/v2/postBodyComplexRequest" : {
      "post" : {
        "requestBody" : {
          "required" : true,
          "content" : {
            "application/json" : {
              "schema" : {
                "$ref" : "#/components/schemas/sources.requests.ComplexRequest"
              }
            }
          }
        }
      }
    },
    "/v2/postInstantRequest" : {
      "post" : {
        "requestBody" : {
          "required" : true,
          "content" : {
            "application/json" : {
              "schema" : {
                "$ref" : "#/components/schemas/sources.requests.InstantRequest"
              }
            }
          }
        }
      }
    }
  },
  "components" : {
    "schemas" : {
      "sources.requests.ComplexMapValue" : {
        "type" : "object",
        "properties" : {
          "something" : {
            "type" : "string"
          }
        },
        "required" : [ "something" ]
      },
      "sources.requests.ComplexRequest" : {
        "type" : "object",
        "properties" : {
          "complexEnumValueMap" : {
            "type" : "object",
            "properties" : { },
            "additionalProperties" : {
              "type" : "array",
              "items" : {
                "type" : "string",
                "enum" : [ "ONE", "TWO", "THREE" ]
              }
            }
          },
          "complexList" : {
            "type" : "array",
            "items" : {
              "$ref" : "#/components/schemas/sources.requests.ComplexMapValue"
            }
          },
          "complexListMap" : {
            "type" : "object",
            "properties" : { },
            "additionalProperties" : {
              "type" : "array",
              "items" : {
                "$ref" : "#/components/schemas/sources.requests.ComplexMapValue"
              }
            }
          },
          "complexListStringMap" : {
            "type" : "object",
            "properties" : { },
            "additionalProperties" : {
              "type" : "array",
              "items" : {
                "type" : "string"
              }
            }
          },
          "complexMapValueMap" : {
            "type" : "object",
            "properties" : { },
            "additionalProperties" : {
              "type" : "object",
              "additionalProperties" : {
                "$ref" : "#/components/schemas/sources.requests.ComplexMapValue"
              }
            }
          },
          "complexNestedList" : {
            "type" : "array",
            "items" : {
              "type" : "array",
              "items" : {
                "$ref" : "#/components/schemas/sources.requests.ComplexMapValue"
              }
            }
          },
          "complexNestedListMap" : {
            "type" : "object",
            "properties" : { },
            "additionalProperties" : {
              "type" : "array",
              "items" : {
                "type" : "array",
                "items" : {
                  "$ref" : "#/components/schemas/sources.requests.ComplexMapValue"
                }
              }
            }
          },
          "complexValueMap" : {
            "type" : "object",
            "properties" : { },
            "additionalProperties" : {
              "$ref" : "#/components/schemas/sources.requests.ComplexMapValue"
            }
          },
          "enumValueMap" : {
            "type" : "object",
            "properties" : { },
            "additionalProperties" : {
              "type" : "string",
              "enum" : [ "ONE", "TWO", "THREE" ]
            }
          },
          "evenMore" : {
            "type" : "integer"
          },
          "intValueMap" : {
            "type" : "object",
            "properties" : { },
            "additionalProperties" : {
              "type" : "integer"
            }
          },
          "list" : {
            "type" : "array",
            "items" : {
              "type" : "string"
            }
          },
          "nestedList" : {
            "type" : "array",
            "items" : {
              "type" : "array",
              "items" : {
                "type" : "string"
              }
            }
          },
          "nestedMutableList" : {
            "type" : "array",
            "items" : {
              "type" : "array",
              "items" : {
                "type" : "array",
                "items" : {
                  "type" : "array",
                  "items" : {
                    "type" : "string"
                  }
                }
              }
            }
          },
          "stringMap" : {
            "type" : "object",
            "properties" : { },
            "additionalProperties" : {
              "type" : "string"
            }
          }
        },
        "required" : [ "list", "nestedList", "nestedMutableList", "complexList", "complexNestedList", "complexListStringMap", "complexListMap", "complexNestedListMap", "stringMap", "intValueMap", "complexValueMap", "enumValueMap", "complexEnumValueMap", "complexMapValueMap" ]
      },
      "sources.requests.InstantRequest" : {
        "type" : "object",
        "properties" : {
          "date" : {
            "type" : "string",
            "format" : "iso 8601"
          },
          "formattedInstant" : {
            "type" : "string",
            "format" : "date-time"
          }
        },
        "required" : [ "date", "formattedInstant" ]
      },
      "sources.requests.NestedRequest" : {
        "type" : "object",
        "properties" : {
          "nestedObject" : {
            "$ref" : "#/components/schemas/sources.requests.SimpleRequest"
          }
        },
        "required" : [ "nestedObject" ]
      },
      "sources.requests.SimpleRequest" : {
        "type" : "object",
        "properties" : {
          "float" : {
            "type" : "number"
          },
          "integer" : {
            "type" : "integer"
          },
          "string" : {
            "type" : "string"
          }
        },
        "required" : [ "string", "integer", "float" ]
      }
    }
  }
}